// Jest Snapshot v1, https://goo.gl/fbAQLP

exports[`snapshot: Navbar component 1`] = `
<DocumentFragment>
  <div
    class="sc-AxjAm iKRehC"
    data-testid="navbar"
  >
    <a
      data-testid="homeLink"
      href="#/"
    >
      Queer Family Tea
    </a>
  </div>
</DocumentFragment>
`;
